
> tsx-core@3.3.0 test:coverage:b2-audit
> c8 --all --include="services/b2-audit-receiver/*.mjs" --exclude="services/b2-audit-receiver/server.mjs" --reporter=lcov --reporter=text --reports-dir=coverage/b2-audit-receiver --check-coverage --lines=90 --branches=80 --functions=90 node --test services/b2-audit-receiver/tests/*.test.mjs

TAP version 13
# Subtest: accepts exactly the sender serialization and its hash
ok 1 - accepts exactly the sender serialization and its hash
  ---
  duration_ms: 2.3954
  type: 'test'
  ...
# Subtest: rejects unauthorized, malformed, oversized and non-JSON requests before storage
ok 2 - rejects unauthorized, malformed, oversized and non-JSON requests before storage
  ---
  duration_ms: 57.9014
  type: 'test'
  ...
# Subtest: returns success only after store confirms durable persistence; replay is idempotent
ok 3 - returns success only after store confirms durable persistence; replay is idempotent
  ---
  duration_ms: 44.7208
  type: 'test'
  ...
# Subtest: conflicting duplicate and storage failure fail closed
ok 4 - conflicting duplicate and storage failure fail closed
  ---
  duration_ms: 9.0565
  type: 'test'
  ...
# Subtest: an unrecognized store result is not a persistence receipt
ok 5 - an unrecognized store result is not a persistence receipt
  ---
  duration_ms: 5.2205
  type: 'test'
  ...
# Subtest: a failed storage operation releases the serialized receiver for a retry
ok 6 - a failed storage operation releases the serialized receiver for a retry
  ---
  duration_ms: 29.2152
  type: 'test'
  ...
# Subtest: invalid bodies and failed stores release every reserved slot
ok 7 - invalid bodies and failed stores release every reserved slot
  ---
  duration_ms: 127.5824
  type: 'test'
  ...
# Subtest: an incomplete incoming body is closed by its absolute deadline without blocking the next record
ok 8 - an incomplete incoming body is closed by its absolute deadline without blocking the next record
  ---
  duration_ms: 66.0581
  type: 'test'
  ...
# Subtest: a held store caps authenticated bodies before reading and disconnect frees a queued slot
ok 9 - a held store caps authenticated bodies before reading and disconnect frees a queued slot
  ---
  duration_ms: 124.5971
  type: 'test'
  ...
# Subtest: writes once, verifies exact B2 version bytes and COMPLIANCE retention, replays without a new version
ok 10 - writes once, verifies exact B2 version bytes and COMPLIANCE retention, replays without a new version
  ---
  duration_ms: 5.5767
  type: 'test'
  ...
# Subtest: same sequence with different bytes fails; existing version is not overwritten
ok 11 - same sequence with different bytes fails; existing version is not overwritten
  ---
  duration_ms: 2.0369
  type: 'test'
  ...
# Subtest: weak retention, extra versions and unsupported conditional upload fail closed
ok 12 - weak retention, extra versions and unsupported conditional upload fail closed
  ---
  duration_ms: 2.0535
  type: 'test'
  ...
# Subtest: rejects sequence gaps and a predecessor hash mismatch before writing
ok 13 - rejects sequence gaps and a predecessor hash mismatch before writing
  ---
  duration_ms: 3.756
  type: 'test'
  ...
# Subtest: replays a 61-day-old still-locked record and rejects weak original retention
ok 14 - replays a 61-day-old still-locked record and rejects weak original retention
  ---
  duration_ms: 1.8082
  type: 'test'
  ...
# Subtest: new records require at least 30 days of protection after verification
ok 15 - new records require at least 30 days of protection after verification
  ---
  duration_ms: 0.952
  type: 'test'
  ...
# Subtest: slow read-back cannot turn a stale lock into a fresh 30-day receipt
ok 16 - slow read-back cannot turn a stale lock into a fresh 30-day receipt
  ---
  duration_ms: 0.9127
  type: 'test'
  ...
# Subtest: lost upload response and atomic conditional race reconcile only a verified single version
ok 17 - lost upload response and atomic conditional race reconcile only a verified single version
  ---
  duration_ms: 2.0514
  type: 'test'
  ...
# Subtest: a competing version during read-back blocks fresh, replay, and uncertain receipts
ok 18 - a competing version during read-back blocks fresh, replay, and uncertain receipts
  ---
  duration_ms: 3.4689
  type: 'test'
  ...
# Subtest: a competing predecessor version blocks the next sequence before its upload
ok 19 - a competing predecessor version blocks the next sequence before its upload
  ---
  duration_ms: 1.1877
  type: 'test'
  ...
# Subtest: stalled B2 request aborts, frees the queue, and permits a verified retry
ok 20 - stalled B2 request aborts, frees the queue, and permits a verified retry
  ---
  duration_ms: 35.5765
  type: 'test'
  ...
# Subtest: stalled B2 object body is destroyed and a replay verifies the existing version
ok 21 - stalled B2 object body is destroyed and a replay verifies the existing version
  ---
  duration_ms: 31.8111
  type: 'test'
  ...
# Subtest: whole-record deadline aborts a sequence of individually bounded requests
ok 22 - whole-record deadline aborts a sequence of individually bounded requests
  ---
  duration_ms: 127.8477
  type: 'test'
  ...
# Subtest: requires a fixed HTTPS Backblaze endpoint and dedicated credentials
ok 23 - requires a fixed HTTPS Backblaze endpoint and dedicated credentials
  ---
  duration_ms: 3.3786
  type: 'test'
  ...
1..23
# tests 23
# suites 0
# pass 23
# fail 0
# cancelled 0
# skipped 0
# todo 0
# duration_ms 636.9413
----------------|---------|----------|---------|---------|------------------------------------------
File            | % Stmts | % Branch | % Funcs | % Lines | Uncovered Line #s                        
----------------|---------|----------|---------|---------|------------------------------------------
All files       |   95.23 |     82.6 |   94.59 |   95.23 |                                          
 audit-core.mjs |   93.69 |     82.9 |   94.73 |   93.69 | ...-35,42-43,129-131,133-135,189-190,216 
 b2-store.mjs   |   96.73 |     82.3 |   94.44 |   96.73 | 20-21,109-110,152-153,210-211            
----------------|---------|----------|---------|---------|------------------------------------------
