test_hyperliquid_setup_refusals_remain_awaitable_for_real_sdk_initialization (test_sdk_async_contract.SdkAsyncContractTests.test_hyperliquid_setup_refusals_remain_awaitable_for_real_sdk_initialization) ... ok
test_bybit_sdk_serializes_actual_limit_ioc_and_uncapped_stop_market (test_entry_price_sdk.PinnedBoundedEntrySdkTests.test_bybit_sdk_serializes_actual_limit_ioc_and_uncapped_stop_market) ... ok
test_full_hyperliquid_sdk_create_orders_has_no_automatic_account_writes (test_entry_price_sdk.PinnedBoundedEntrySdkTests.test_full_hyperliquid_sdk_create_orders_has_no_automatic_account_writes) ... ok
test_hyperliquid_sdk_serializes_exact_cap_without_market_slippage_rebasing (test_entry_price_sdk.PinnedBoundedEntrySdkTests.test_hyperliquid_sdk_serializes_exact_cap_without_market_slippage_rebasing) ... ok
test_kraken_sdk_lowercase_ioc_encoding_is_known_but_not_a_protected_capability_grant (test_entry_price_sdk.PinnedBoundedEntrySdkTests.test_kraken_sdk_lowercase_ioc_encoding_is_known_but_not_a_protected_capability_grant) ... ok
test_registry_rest_and_pro_full_load_markets_never_change_account_setup (test_entry_price_sdk.PinnedBoundedEntrySdkTests.test_registry_rest_and_pro_full_load_markets_never_change_account_setup) ... ok
test_parallel_unrelated_real_sdk_request_keeps_its_own_normal_parser (test_kraken_response_capture.KrakenResponseCaptureTests.test_parallel_unrelated_real_sdk_request_keeps_its_own_normal_parser) ... ok
test_pinned_sdk_preserves_the_request_original_after_float_equal_aba (test_kraken_response_capture.KrakenResponseCaptureTests.test_pinned_sdk_preserves_the_request_original_after_float_equal_aba) ... ok
test_real_rest_and_pro_demo_clients_preserve_large_cursor_without_last_response (test_kraken_response_capture.KrakenResponseCaptureTests.test_real_rest_and_pro_demo_clients_preserve_large_cursor_without_last_response) ... ok
test_two_concurrent_same_client_reads_retain_their_own_originals (test_kraken_response_capture.KrakenResponseCaptureTests.test_two_concurrent_same_client_reads_retain_their_own_originals) ... ok
test_unrelated_response_does_not_replace_the_account_log_original (test_kraken_response_capture.KrakenResponseCaptureTests.test_unrelated_response_does_not_replace_the_account_log_original) ... ok
test_bound_empty_ioc_returns_terminal_entry_and_original_live_stop_not_closure (test_kraken_bounded_matrix.KrakenBoundedMatrix.test_bound_empty_ioc_returns_terminal_entry_and_original_live_stop_not_closure) ... ok
test_bound_mixed_status_still_requires_recovery_without_another_write (test_kraken_bounded_matrix.KrakenBoundedMatrix.test_bound_mixed_status_still_requires_recovery_without_another_write) ... ok
test_empty_ioc_rejection_without_real_identity_is_not_absence (test_kraken_bounded_matrix.KrakenBoundedMatrix.test_empty_ioc_rejection_without_real_identity_is_not_absence) ... ok
test_long_short_original_tags_base_spec_to_signed_wire_and_reordered_ack (test_kraken_bounded_matrix.KrakenBoundedMatrix.test_long_short_original_tags_base_spec_to_signed_wire_and_reordered_ack) ... ok
test_mixed_missing_or_foreign_stop_ack_keeps_only_actual_executed_entry (test_kraken_bounded_matrix.KrakenBoundedMatrix.test_mixed_missing_or_foreign_stop_ack_keeps_only_actual_executed_entry) ... ok
test_native_partial_stop_then_exact_cancel_preserves_remaining_position (test_kraken_bounded_matrix.KrakenBoundedMatrix.test_native_partial_stop_then_exact_cancel_preserves_remaining_position) ... ok
test_real_adapter_still_refuses_both_directions_before_any_mutation (test_kraken_bounded_matrix.KrakenBoundedMatrix.test_real_adapter_still_refuses_both_directions_before_any_mutation) ... ok
test_account_contract_accepts_dynamic_exchange_ids_and_rejects_invalid_ids (test_contracts.ContractTests.test_account_contract_accepts_dynamic_exchange_ids_and_rejects_invalid_ids) ... ok
test_authentication_observes_executor_token_rotation (test_contracts.ContractTests.test_authentication_observes_executor_token_rotation) ... ok
test_batch_order_results_follow_identity_not_array_position (test_contracts.ContractTests.test_batch_order_results_follow_identity_not_array_position) ... ok
test_ccxt_identity_preserves_native_adapter_account_bindings (test_contracts.ContractTests.test_ccxt_identity_preserves_native_adapter_account_bindings) ... ok
test_ccxt_symbol_and_status_normalization_is_fail_closed (test_contracts.ContractTests.test_ccxt_symbol_and_status_normalization_is_fail_closed) ... ok
test_contract_amounts_are_normalized_back_to_base_quantity (test_contracts.ContractTests.test_contract_amounts_are_normalized_back_to_base_quantity) ... ok
test_credential_contract_supports_kraken_futures (test_contracts.ContractTests.test_credential_contract_supports_kraken_futures) ... ok
test_credential_fingerprint_uses_the_canonical_secret_as_hmac_key (test_contracts.ContractTests.test_credential_fingerprint_uses_the_canonical_secret_as_hmac_key) ... ok
test_decimal_boundaries_reject_non_plain_or_unbounded_values (test_contracts.ContractTests.test_decimal_boundaries_reject_non_plain_or_unbounded_values) ... ok
test_executor_failures_have_stable_secret_free_endpoint_codes (test_contracts.ContractTests.test_executor_failures_have_stable_secret_free_endpoint_codes) ... ok
test_external_identity_survives_secret_rotation_but_not_api_key_rebinding (test_contracts.ContractTests.test_external_identity_survives_secret_rotation_but_not_api_key_rebinding) ... ok
test_fills_without_real_ids_must_not_disappear_or_invent_ids (test_contracts.ContractTests.test_fills_without_real_ids_must_not_disappear_or_invent_ids) ... ok
test_http_contract_exposes_typed_side_effect_free_symbol_miss (test_contracts.ContractTests.test_http_contract_exposes_typed_side_effect_free_symbol_miss) ... ok
test_hyperliquid_builder_fee_is_explicitly_disabled (test_contracts.ContractTests.test_hyperliquid_builder_fee_is_explicitly_disabled) ... ok
test_ledger_funding_excludes_trade_pnl_and_preserves_sign (test_contracts.ContractTests.test_ledger_funding_excludes_trade_pnl_and_preserves_sign) ... ok
test_market_snapshot_helpers_normalize_fallback_price_and_certified_limits (test_contracts.ContractTests.test_market_snapshot_helpers_normalize_fallback_price_and_certified_limits) ... ok
test_missing_certified_market_uses_typed_side_effect_free_contract (test_contracts.ContractTests.test_missing_certified_market_uses_typed_side_effect_free_contract) ... ok
test_missing_or_invalid_position_quantity_is_not_a_flat_account (test_contracts.ContractTests.test_missing_or_invalid_position_quantity_is_not_a_flat_account) ... ok
test_plain_decimals_and_deadlines_remain_bounded (test_contracts.ContractTests.test_plain_decimals_and_deadlines_remain_bounded) ... ok
test_pro_event_helpers_are_bounded_and_normalized (test_contracts.ContractTests.test_pro_event_helpers_are_bounded_and_normalized) ... ok
test_remote_snapshots_preserve_exchange_identity_without_client_identity (test_contracts.ContractTests.test_remote_snapshots_preserve_exchange_identity_without_client_identity) ... ok
test_write_response_must_not_invent_or_swap_identifiers (test_contracts.ContractTests.test_write_response_must_not_invent_or_swap_identifiers) ... ok
test_every_profile_blocks_preflight_with_unknown_quantity_or_external_order (test_contracts.HyperliquidOrderTests.test_every_profile_blocks_preflight_with_unknown_quantity_or_external_order) ... ok
test_market_order_uses_directional_reference_and_strategy_slippage (test_contracts.HyperliquidOrderTests.test_market_order_uses_directional_reference_and_strategy_slippage) ... ok
test_market_reference_rejects_invalid_side_before_ticker_access (test_contracts.HyperliquidOrderTests.test_market_reference_rejects_invalid_side_before_ticker_access) ... ok
test_market_reference_rejects_ticker_without_usable_price (test_contracts.HyperliquidOrderTests.test_market_reference_rejects_ticker_without_usable_price) ... ok
test_market_reference_skips_missing_nonpositive_and_invalid_candidates (test_contracts.HyperliquidOrderTests.test_market_reference_skips_missing_nonpositive_and_invalid_candidates) ... ok
test_stop_market_uses_trigger_as_reference_without_stale_ticker (test_contracts.HyperliquidOrderTests.test_stop_market_uses_trigger_as_reference_without_stale_ticker) ... ok
test_ambiguous_batch_does_not_flatten_unproven_concurrent_exposure (test_contracts.ProtectedEntryTests.test_ambiguous_batch_does_not_flatten_unproven_concurrent_exposure) ... ok
test_complete_batch_returns_both_normalized_legs (test_contracts.ProtectedEntryTests.test_complete_batch_returns_both_normalized_legs) ... ok
test_existing_remote_exposure_blocks_batch_before_order_submission (test_contracts.ProtectedEntryTests.test_existing_remote_exposure_blocks_batch_before_order_submission) ... ok
test_invalid_protected_pair_is_rejected_before_any_exchange_access (test_contracts.ProtectedEntryTests.test_invalid_protected_pair_is_rejected_before_any_exchange_access) ... ok
test_cancelled_request_never_exposes_half_initialized_cached_clients (test_contracts.RegistryBootstrapTests.test_cancelled_request_never_exposes_half_initialized_cached_clients) ... ok
test_pro_events_have_monotonic_cursors_and_gap_detection (test_contracts.StreamTests.test_pro_events_have_monotonic_cursors_and_gap_detection) ... ok
test_transient_channel_failure_is_debounced_and_other_channels_cannot_recover_it (test_contracts.StreamTests.test_transient_channel_failure_is_debounced_and_other_channels_cannot_recover_it) ... ok

----------------------------------------------------------------------
Ran 53 tests in 5.684s

OK
