               
               
┌─────────────┐
│ Scan Status │
└─────────────┘
  Scanning 7 files tracked by git with 74 Code rules:
                                                                                                                        
  Language   Rules   Files          Origin      Rules                                                                   
 ──────────────────────────        ───────────────────                                                                  
  js            68       4          Community      74                                                                   
  ts            74       3                                                                                              
                                                                                                                        
                
                
┌──────────────┐
│ Scan Summary │
└──────────────┘
✅ Scan completed successfully.
 • Findings: 0 (0 blocking)
 • Rules run: 74
 • Targets scanned: 7
 • Parsed lines: ~99.9%
 • No ignore information available
 • For a detailed list of skipped files and lines, run semgrep with the --verbose flag
Ran 74 rules on 7 files: 0 findings.
(need more rules? `semgrep login` for additional free Semgrep Registry rules)


A new version of Semgrep is available. See https://semgrep.dev/docs/upgrading
If Semgrep missed a finding, please send us feedback to let us know!
See https://semgrep.dev/docs/reporting-false-negatives/
